// Jest Snapshot v1, https://goo.gl/fbAQLP

exports[`Pruebas en <About/> Debe coincidir con Snapshot 1`] = `
<div>
  <div
    class="about"
  >
    <div
      class="about-me"
    >
      <div
        class="button_icon_fixed"
        style="background: rgb(232, 241, 254);"
      >
        <a
          href="#about-findme"
        >
          <svg
            fill="none"
            height="1em"
            stroke="currentColor"
            stroke-linecap="round"
            stroke-linejoin="round"
            stroke-width="2"
            style="color: black; font-size: 40px;"
            viewBox="0 0 24 24"
            width="1em"
            xmlns="http://www.w3.org/2000/svg"
          >
            <line
              x1="12"
              x2="12"
              y1="5"
              y2="19"
            />
            <polyline
              points="19 12 12 19 5 12"
            />
          </svg>
        </a>
      </div>
      <div
        class="img"
      >
        <img
          alt="aleypatana"
          height="417"
          src="./imgs/aleyPatana.jpg"
          width="417"
        />
      </div>
      <div
        class="p"
      >
        <div
          class="Typewriter"
          data-testid="typewriter-wrapper"
        >
          <span
            class="Typewriter__wrapper"
          />
          <span
            class="Typewriter__cursor"
          >
            |
          </span>
        </div>
      </div>
    </div>
    <div
      class="separacion"
    />
    <div
      class="about-educacion"
    >
      <p
        class="hidden"
      >
        Me gradué de la Universidad Tecnológica
        <br />
        Metropolitana y 
        <br />
        actualmente estoy 
        <br />
        expandiendo mis 
        <br />
        conocimientos a través 
        <br />
        de un máster en 
        <br />
        Ingeniería Informática 
        <br />
        en la Universidad 
        <br />
        Politécnica de Cataluña.
      </p>
      <div
        class="img"
      >
        <img
          alt="dallydiploma"
          height="417"
          src="./imgs/DALL_E_diploma.png"
          style="background: rgb(232, 241, 254);"
          width="417"
        />
      </div>
    </div>
    <div
      class="separacion"
    />
    <div
      class="about-actual"
    >
      <div
        class="img"
      >
        <img
          alt="dallycrecimiento"
          height="417"
          src="./imgs/DALL_E_crecimiento.png"
          style="background: rgb(232, 241, 254);"
          width="417"
        />
      </div>
      <div
        class="container-text"
      >
        <div
          class="p-container"
        >
          <div
            class="p"
          >
            <span
              class="char"
              style="animation-delay: 0ms;"
            >
               
            </span>
            <span
              class="char"
              style="animation-delay: 6ms;"
            >
               
            </span>
            <span
              class="char"
              style="animation-delay: 12ms;"
            >
               
            </span>
          </div>
        </div>
      </div>
      <div
        class="container-text_min"
      >
        <p>
          Me apasiona profundamente trabajar en proyectos innovadores y me encuentro constantemente en búsqueda de nuevas oportunidades y aprendizajes en el mundo del desarrollo.
        </p>
      </div>
    </div>
    <div
      class="separacion"
    />
    <div
      class="about-findme"
      id="about-findme"
    >
      <div
        class="links"
        id="link"
      >
        <div
          class="button_icon"
          style="background: rgb(232, 241, 254);"
        >
          <a
            href="https://www.linkedin.com/in/alexandraos14/"
            rel="noopener noreferrer"
            target="_blank"
          >
            <svg
              fill="none"
              height="1em"
              stroke="currentColor"
              stroke-linecap="round"
              stroke-linejoin="round"
              stroke-width="2"
              style="color: black; font-size: 50px;"
              viewBox="0 0 24 24"
              width="1em"
              xmlns="http://www.w3.org/2000/svg"
            >
              <path
                d="M16 8a6 6 0 0 1 6 6v7h-4v-7a2 2 0 0 0-2-2 2 2 0 0 0-2 2v7h-4v-7a6 6 0 0 1 6-6z"
              />
              <rect
                height="12"
                width="4"
                x="2"
                y="9"
              />
              <circle
                cx="4"
                cy="4"
                r="2"
              />
            </svg>
          </a>
        </div>
        <div
          class="button_icon"
          style="background: rgb(232, 241, 254);"
        >
          <a
            href="https://github.com/AlexandraOliv14"
            rel="noopener noreferrer"
            target="_blank"
          >
            <svg
              fill="none"
              height="1em"
              stroke="currentColor"
              stroke-linecap="round"
              stroke-linejoin="round"
              stroke-width="2"
              style="color: black; font-size: 50px;"
              viewBox="0 0 24 24"
              width="1em"
              xmlns="http://www.w3.org/2000/svg"
            >
              <path
                d="M9 19c-5 1.5-5-2.5-7-3m14 6v-3.87a3.37 3.37 0 0 0-.94-2.61c3.14-.35 6.44-1.54 6.44-7A5.44 5.44 0 0 0 20 4.77 5.07 5.07 0 0 0 19.91 1S18.73.65 16 2.48a13.38 13.38 0 0 0-7 0C6.27.65 5.09 1 5.09 1A5.07 5.07 0 0 0 5 4.77a5.44 5.44 0 0 0-1.5 3.78c0 5.42 3.3 6.61 6.44 7A3.37 3.37 0 0 0 9 18.13V22"
              />
            </svg>
          </a>
        </div>
      </div>
    </div>
  </div>
</div>
`;
