// Jest Snapshot v1, https://goo.gl/fbAQLP

exports[`Pruebas en <Portafolio/> Debe coincidir con Snapshot 1`] = `
<div>
  <div
    class="portafolio"
  >
    <div
      class="pagina1"
    >
      <div
        class="card"
        style="background: rgb(198, 203, 212);"
      >
        <div
          class="card-flex"
        >
          <h2>
            Componentes de este proyecto
          </h2>
          <div
            class="theme"
          >
            <h3>
              Manejo de tema
            </h3>
            <div
              class="select-theme"
            >
              <div
                class="name_ii_Active"
              >
                <div
                  class="label"
                >
                  Selecciona el tema
                </div>
                <select
                  class="innerframe"
                  name="select"
                >
                  <option
                    value="warm"
                  >
                    warm
                  </option>
                  <option
                    value="ligthwarm"
                  >
                    ligthwarm
                  </option>
                  <option
                    value="cool"
                  >
                    cool
                  </option>
                </select>
              </div>
            </div>
          </div>
          <div
            class="theme-button"
          >
            <h3>
              Manejo de botones
            </h3>
            <div
              class="button"
            >
              <div
                class="button-item"
              >
                <button
                  class="button_nav"
                  style="background: rgb(232, 241, 254);"
                >
                  Home
                </button>
              </div>
              <div
                class="button-item"
              >
                <div
                  class="name_ii_Active"
                >
                  <div
                    class="label"
                  >
                    Escriba el nombre del bot칩n: 
                  </div>
                  <input
                    class="innerframe"
                    name="text"
                    value="Home"
                  />
                </div>
              </div>
              <div
                class="button-item"
              >
                <div
                  class="button-color"
                >
                  <div
                    class="label"
                  >
                    Seleccione el color del bot칩n:
                  </div>
                  <div
                    class="color-input-wrapper"
                  >
                    <input
                      name="color"
                      type="color"
                      value="#E8F1FE"
                    />
                  </div>
                </div>
              </div>
            </div>
            <div
              class="button2"
            >
              <div
                class="button-item"
              >
                <div
                  class="button_icon"
                  style="background: rgb(232, 241, 254);"
                >
                  <a
                    rel="noopener noreferrer"
                    target="_blank"
                  >
                    <svg
                      fill="none"
                      height="1em"
                      stroke="currentColor"
                      stroke-linecap="round"
                      stroke-linejoin="round"
                      stroke-width="2"
                      style="color: black; font-size: 45px;"
                      viewBox="0 0 24 24"
                      width="1em"
                      xmlns="http://www.w3.org/2000/svg"
                    >
                      <path
                        d="M9 19c-5 1.5-5-2.5-7-3m14 6v-3.87a3.37 3.37 0 0 0-.94-2.61c3.14-.35 6.44-1.54 6.44-7A5.44 5.44 0 0 0 20 4.77 5.07 5.07 0 0 0 19.91 1S18.73.65 16 2.48a13.38 13.38 0 0 0-7 0C6.27.65 5.09 1 5.09 1A5.07 5.07 0 0 0 5 4.77a5.44 5.44 0 0 0-1.5 3.78c0 5.42 3.3 6.61 6.44 7A3.37 3.37 0 0 0 9 18.13V22"
                      />
                    </svg>
                  </a>
                </div>
              </div>
              <div
                class="button-item"
              >
                <div
                  class="name_ii_Active"
                >
                  <div
                    class="label"
                  >
                    Selecciona el tama침o: 
                  </div>
                  <select
                    class="innerframe"
                    name="sizeButton"
                  >
                    <option
                      value="small"
                    >
                      small
                    </option>
                    <option
                      value="medium"
                    >
                      medium
                    </option>
                    <option
                      value="large"
                    >
                      large
                    </option>
                  </select>
                </div>
              </div>
              <div
                class="button-item"
              >
                <div
                  class="button-color"
                >
                  <div
                    class="label"
                  >
                    Seleccione el color del bot칩n:
                  </div>
                  <div
                    class="color-input-wrapper"
                  >
                    <input
                      name="color1"
                      type="color"
                      value="#E8F1FE"
                    />
                  </div>
                </div>
              </div>
            </div>
          </div>
        </div>
      </div>
    </div>
  </div>
</div>
`;
